// Jest Snapshot v1, https://goo.gl/fbAQLP

exports[`Index should correctly load home page 1`] = `
<div>
  <div />
</div>
`;
